{
    "method": "HELLO",
    "path": "/users/100",
    "query_parameters": {
        "role": "admin",
        "status": "active"
    },
    "http_version": "HTTP/1.1",
    "headers": {
        "Host": "localhost:8000",
        "Authorization": "Bearer Token123",
        "User-Agent": "PostmanRuntime/7.45.0",
        "Accept": "*/*"
    },
    "body": "",
    "risk_score": 20,
    "alerts": [
        "Invalid HTTP Method: HELLO"
    ]
}
------------------------------------------------------------
{
    "method": "GET",
    "path": "/users/101",
    "query_parameters": {
        "role": "admin",
        "status": "active"
    },
    "http_version": "HTTP/1.1",
    "headers": {
        "Host": "localhost:8000",
        "Authorization": "Bearer Token123",
        "User-Agent": "PostmanRuntime/7.45.0",
        "Accept": "*/*"
    },
    "body": "",
    "risk_score": 0,
    "alerts": []
}
------------------------------------------------------------
{
    "method": "GET",
    "path": "/users/102",
    "query_parameters": {
        "role": "admin",
        "status": "active"
    },
    "http_version": "HTTP/1.1",
    "headers": {
        "Host": "localhost:8000",
        "Authorization": "Bearer Token123",
        "User-Agent": "PostmanRuntime/7.45.0",
        "Accept": "*/*"
    },
    "body": "",
    "risk_score": 110,
    "alerts": [
        "Possible User ID Enumeration Detected",
        "Possible BOLA Attack: Same token accessing multiple object IDs"
    ]
}
------------------------------------------------------------
{
    "method": "GET",
    "path": "/users/103",
    "query_parameters": {
        "role": "admin",
        "status": "active"
    },
    "http_version": "HTTP/1.1",
    "headers": {
        "Host": "localhost:8000",
        "Authorization": "Bearer Token123",
        "User-Agent": "PostmanRuntime/7.45.0",
        "Accept": "*/*"
    },
    "body": "",
    "risk_score": 110,
    "alerts": [
        "Possible User ID Enumeration Detected",
        "Possible BOLA Attack: Same token accessing multiple object IDs"
    ]
}
------------------------------------------------------------
{
    "method": "GET",
    "path": "/users/104",
    "query_parameters": {
        "role": "admin",
        "status": "active"
    },
    "http_version": "HTTP/1.1",
    "headers": {
        "Host": "localhost:8000",
        "Authorization": "Bearer Token123",
        "User-Agent": "PostmanRuntime/7.45.0",
        "Accept": "*/*"
    },
    "body": "",
    "risk_score": 110,
    "alerts": [
        "Possible User ID Enumeration Detected",
        "Possible BOLA Attack: Same token accessing multiple object IDs"
    ]
}
------------------------------------------------------------
{
    "method": "POST",
    "path": "/login",
    "query_parameters": {},
    "http_version": "HTTP/1.1",
    "headers": {
        "Host": "localhost:8000",
        "Content-Type": "application/json",
        "    \"username\"": "\"rohith\",",
        "    \"password\"": "\"12345\""
    },
    "body": {
        "username": "rohith",
        "password": "12345"
    },
    "risk_score": 90,
    "alerts": [
        "Missing Authorization Header",
        "Possible User ID Enumeration Detected"
    ]
}
------------------------------------------------------------
{
    "method": "HELLO",
    "path": "/users/100",
    "query_parameters": {
        "role": "admin",
        "status": "active"
    },
    "http_version": "HTTP/1.1",
    "headers": {
        "Host": "localhost:8000",
        "Authorization": "Bearer Token123",
        "User-Agent": "PostmanRuntime/7.45.0",
        "Accept": "*/*"
    },
    "body": "",
    "risk_score": 20,
    "alerts": [
        "Invalid HTTP Method: HELLO"
    ]
}
------------------------------------------------------------
{
    "method": "GET",
    "path": "/users/102",
    "query_parameters": {
        "role": "admin",
        "status": "active"
    },
    "http_version": "HTTP/1.1",
    "headers": {
        "Host": "localhost:8000",
        "Authorization": "Bearer Token123",
        "User-Agent": "PostmanRuntime/7.45.0",
        "Accept": "*/*"
    },
    "body": "",
    "risk_score": 110,
    "alerts": [
        "Possible User ID Enumeration Detected",
        "Possible BOLA Attack: Same token accessing multiple object IDs"
    ]
}
------------------------------------------------------------
{
    "method": "GET",
    "path": "/users/103",
    "query_parameters": {
        "role": "admin",
        "status": "active"
    },
    "http_version": "HTTP/1.1",
    "headers": {
        "Host": "localhost:8000",
        "Authorization": "Bearer Token123",
        "User-Agent": "PostmanRuntime/7.45.0",
        "Accept": "*/*"
    },
    "body": "",
    "risk_score": 110,
    "alerts": [
        "Possible User ID Enumeration Detected",
        "Possible BOLA Attack: Same token accessing multiple object IDs"
    ]
}
------------------------------------------------------------
{
    "method": "GET",
    "path": "/users/104",
    "query_parameters": {
        "role": "admin",
        "status": "active"
    },
    "http_version": "HTTP/1.1",
    "headers": {
        "Host": "localhost:8000",
        "Authorization": "Bearer Token123",
        "User-Agent": "PostmanRuntime/7.45.0",
        "Accept": "*/*"
    },
    "body": "",
    "risk_score": 110,
    "alerts": [
        "Possible User ID Enumeration Detected",
        "Possible BOLA Attack: Same token accessing multiple object IDs"
    ]
}
------------------------------------------------------------
{
    "method": "POST",
    "path": "/login",
    "query_parameters": {},
    "http_version": "HTTP/1.1",
    "headers": {
        "Host": "localhost:8000",
        "Content-Type": "application/json",
        "    \"username\"": "\"rohith\",",
        "    \"password\"": "\"12345\""
    },
    "body": {
        "username": "rohith",
        "password": "12345"
    },
    "risk_score": 90,
    "alerts": [
        "Missing Authorization Header",
        "Possible User ID Enumeration Detected"
    ]
}
------------------------------------------------------------
{
    "method": "HELLO",
    "path": "/users/100",
    "query_parameters": {
        "role": "admin",
        "status": "active"
    },
    "http_version": "HTTP/1.1",
    "headers": {
        "Host": "localhost:8000",
        "Authorization": "Bearer Token123",
        "User-Agent": "PostmanRuntime/7.45.0",
        "Accept": "*/*"
    },
    "body": "",
    "risk_score": 20,
    "alerts": [
        "Invalid HTTP Method: HELLO"
    ]
}
------------------------------------------------------------
{
    "method": "GET",
    "path": "/users/102",
    "query_parameters": {
        "role": "admin",
        "status": "active"
    },
    "http_version": "HTTP/1.1",
    "headers": {
        "Host": "localhost:8000",
        "Authorization": "Bearer Token143",
        "User-Agent": "PostmanRuntime/7.45.0",
        "Accept": "*/*"
    },
    "body": "",
    "risk_score": 50,
    "alerts": [
        "Possible User ID Enumeration Detected"
    ]
}
------------------------------------------------------------
{
    "method": "GET",
    "path": "/users/103",
    "query_parameters": {
        "role": "admin",
        "status": "active"
    },
    "http_version": "HTTP/1.1",
    "headers": {
        "Host": "localhost:8000",
        "Authorization": "Bearer Token123",
        "User-Agent": "PostmanRuntime/7.45.0",
        "Accept": "*/*"
    },
    "body": "",
    "risk_score": 110,
    "alerts": [
        "Possible User ID Enumeration Detected",
        "Possible BOLA Attack: Same token accessing multiple object IDs"
    ]
}
------------------------------------------------------------
{
    "method": "GET",
    "path": "/users/104",
    "query_parameters": {
        "role": "admin",
        "status": "active"
    },
    "http_version": "HTTP/1.1",
    "headers": {
        "Host": "localhost:8000",
        "Authorization": "Bearer Token123",
        "User-Agent": "PostmanRuntime/7.45.0",
        "Accept": "*/*"
    },
    "body": "",
    "risk_score": 110,
    "alerts": [
        "Possible User ID Enumeration Detected",
        "Possible BOLA Attack: Same token accessing multiple object IDs"
    ]
}
------------------------------------------------------------
{
    "method": "POST",
    "path": "/login",
    "query_parameters": {},
    "http_version": "HTTP/1.1",
    "headers": {
        "Host": "localhost:8000",
        "Content-Type": "application/json",
        "    \"username\"": "\"rohith\",",
        "    \"password\"": "\"12345\""
    },
    "body": {
        "username": "rohith",
        "password": "12345"
    },
    "risk_score": 90,
    "alerts": [
        "Missing Authorization Header",
        "Possible User ID Enumeration Detected"
    ]
}
------------------------------------------------------------
{
    "method": "HELLO",
    "path": "/users/100",
    "query_parameters": {
        "role": "admin",
        "status": "active"
    },
    "http_version": "HTTP/1.1",
    "headers": {
        "Host": "localhost:8000",
        "Authorization": "Bearer Token123",
        "User-Agent": "PostmanRuntime/7.45.0",
        "Accept": "*/*"
    },
    "body": "",
    "risk_score": 20,
    "alerts": [
        "Invalid HTTP Method: HELLO"
    ]
}
------------------------------------------------------------
{
    "method": "GET",
    "path": "/users/102",
    "query_parameters": {
        "role": "admin",
        "status": "active"
    },
    "http_version": "HTTP/1.1",
    "headers": {
        "Host": "localhost:8050",
        "Authorization": "Bearer Token143",
        "User-Agent": "PostmanRuntime/7.45.0",
        "Accept": "*/*"
    },
    "body": "",
    "risk_score": 50,
    "alerts": [
        "Possible User ID Enumeration Detected"
    ]
}
------------------------------------------------------------
{
    "method": "GET",
    "path": "/users/103",
    "query_parameters": {
        "role": "admin",
        "status": "active"
    },
    "http_version": "HTTP/1.1",
    "headers": {
        "Host": "localhost:8000",
        "Authorization": "Bearer Token123",
        "User-Agent": "PostmanRuntime/7.45.0",
        "Accept": "*/*"
    },
    "body": "",
    "risk_score": 110,
    "alerts": [
        "Possible User ID Enumeration Detected",
        "Possible BOLA Attack: Same token accessing multiple object IDs"
    ]
}
------------------------------------------------------------
{
    "method": "GET",
    "path": "/users/104",
    "query_parameters": {
        "role": "admin",
        "status": "active"
    },
    "http_version": "HTTP/1.1",
    "headers": {
        "Host": "localhost:8000",
        "Authorization": "Bearer Token123",
        "User-Agent": "PostmanRuntime/7.45.0",
        "Accept": "*/*"
    },
    "body": "",
    "risk_score": 110,
    "alerts": [
        "Possible User ID Enumeration Detected",
        "Possible BOLA Attack: Same token accessing multiple object IDs"
    ]
}
------------------------------------------------------------
{
    "method": "POST",
    "path": "/login",
    "query_parameters": {},
    "http_version": "HTTP/1.1",
    "headers": {
        "Host": "localhost:8000",
        "Content-Type": "application/json",
        "    \"username\"": "\"rohith\",",
        "    \"password\"": "\"12345\""
    },
    "body": {
        "username": "rohith",
        "password": "12345"
    },
    "risk_score": 90,
    "alerts": [
        "Missing Authorization Header",
        "Possible User ID Enumeration Detected"
    ]
}
------------------------------------------------------------
{
    "method": "HELLO",
    "path": "/users/100",
    "query_parameters": {
        "role": "admin",
        "status": "active"
    },
    "http_version": "HTTP/1.1",
    "headers": {
        "Host": "localhost:8000",
        "Authorization": "Bearer Token123",
        "User-Agent": "PostmanRuntime/7.45.0",
        "Accept": "*/*"
    },
    "body": "",
    "risk_score": 20,
    "alerts": [
        "Invalid HTTP Method: HELLO"
    ]
}
------------------------------------------------------------
{
    "method": "GET",
    "path": "/users/102",
    "query_parameters": {
        "role": "admin",
        "status": "active"
    },
    "http_version": "HTTP/1.1",
    "headers": {
        "Host": "localhost:8050",
        "Authorization": "Bearer Token143",
        "User-Agent": "PostmanRuntime/7.45.0",
        "Accept": "*/*"
    },
    "body": "",
    "risk_score": 50,
    "alerts": [
        "Possible User ID Enumeration Detected"
    ]
}
------------------------------------------------------------
{
    "method": "GET",
    "path": "/users/103",
    "query_parameters": {
        "role": "admin",
        "status": "active"
    },
    "http_version": "HTTP/1.1",
    "headers": {
        "Host": "localhost:8000",
        "Authorization": "Bearer Token123",
        "User-Agent": "PostmanRuntime/7.45.0",
        "Accept": "*/*"
    },
    "body": "",
    "risk_score": 110,
    "alerts": [
        "Possible User ID Enumeration Detected",
        "Possible BOLA Attack: Same token accessing multiple object IDs"
    ]
}
------------------------------------------------------------
{
    "method": "GET",
    "path": "/users/104",
    "query_parameters": {
        "role": "admin",
        "status": "active"
    },
    "http_version": "HTTP/1.1",
    "headers": {
        "Host": "localhost:8000",
        "Authorization": "Bearer Token123",
        "User-Agent": "PostmanRuntime/7.45.0",
        "Accept": "*/*"
    },
    "body": "",
    "risk_score": 110,
    "alerts": [
        "Possible User ID Enumeration Detected",
        "Possible BOLA Attack: Same token accessing multiple object IDs"
    ]
}
------------------------------------------------------------
{
    "method": "POST",
    "path": "/login",
    "query_parameters": {},
    "http_version": "HTTP/1.1",
    "headers": {
        "Host": "localhost:8000",
        "Content-Type": "application/json",
        "    \"username\"": "\"rohith\",",
        "    \"password\"": "\"12345\""
    },
    "body": {
        "username": "rohith",
        "password": "12345"
    },
    "risk_score": 90,
    "alerts": [
        "Missing Authorization Header",
        "Possible User ID Enumeration Detected"
    ]
}
------------------------------------------------------------
{
    "method": "HELLO",
    "path": "/users/100",
    "query_parameters": {
        "role": "admin",
        "status": "active"
    },
    "http_version": "HTTP/1.1",
    "headers": {
        "Host": "localhost:8000",
        "Authorization": "Bearer Token123",
        "User-Agent": "PostmanRuntime/7.45.0",
        "Accept": "*/*"
    },
    "body": "",
    "risk_score": 20,
    "alerts": [
        "Invalid HTTP Method: HELLO"
    ]
}
------------------------------------------------------------
{
    "method": "GET",
    "path": "/users/102",
    "query_parameters": {
        "role": "admin",
        "status": "active"
    },
    "http_version": "HTTP/1.1",
    "headers": {
        "Host": "localhost:8000",
        "Authorization": "Bearer Token143",
        "User-Agent": "PostmanRuntime/7.50.0",
        "Accept": "*/*"
    },
    "body": "",
    "risk_score": 50,
    "alerts": [
        "Possible User ID Enumeration Detected"
    ]
}
------------------------------------------------------------
{
    "method": "GET",
    "path": "/users/103",
    "query_parameters": {
        "role": "admin",
        "status": "active"
    },
    "http_version": "HTTP/1.1",
    "headers": {
        "Host": "localhost:8000",
        "Authorization": "Bearer Token123",
        "User-Agent": "PostmanRuntime/7.45.0",
        "Accept": "*/*"
    },
    "body": "",
    "risk_score": 110,
    "alerts": [
        "Possible User ID Enumeration Detected",
        "Possible BOLA Attack: Same token accessing multiple object IDs"
    ]
}
------------------------------------------------------------
{
    "method": "GET",
    "path": "/users/104",
    "query_parameters": {
        "role": "admin",
        "status": "active"
    },
    "http_version": "HTTP/1.1",
    "headers": {
        "Host": "localhost:8000",
        "Authorization": "Bearer Token123",
        "User-Agent": "PostmanRuntime/7.45.0",
        "Accept": "*/*"
    },
    "body": "",
    "risk_score": 110,
    "alerts": [
        "Possible User ID Enumeration Detected",
        "Possible BOLA Attack: Same token accessing multiple object IDs"
    ]
}
------------------------------------------------------------
{
    "method": "POST",
    "path": "/login",
    "query_parameters": {},
    "http_version": "HTTP/1.1",
    "headers": {
        "Host": "localhost:8000",
        "Content-Type": "application/json",
        "    \"username\"": "\"rohith\",",
        "    \"password\"": "\"12345\""
    },
    "body": {
        "username": "rohith",
        "password": "12345"
    },
    "risk_score": 90,
    "alerts": [
        "Missing Authorization Header",
        "Possible User ID Enumeration Detected"
    ]
}
------------------------------------------------------------
{
    "method": "HELLO",
    "path": "/users/100",
    "query_parameters": {
        "role": "admin",
        "status": "active"
    },
    "http_version": "HTTP/1.1",
    "headers": {
        "Host": "localhost:8000",
        "Authorization": "Bearer Token123",
        "User-Agent": "PostmanRuntime/7.45.0",
        "Accept": "*/*"
    },
    "body": "",
    "risk_score": 20,
    "alerts": [
        "Invalid HTTP Method: HELLO"
    ]
}
------------------------------------------------------------
{
    "method": "GET",
    "path": "/users/102",
    "query_parameters": {
        "role": "tester",
        "status": "active"
    },
    "http_version": "HTTP/1.1",
    "headers": {
        "Host": "localhost:8000",
        "Authorization": "Bearer Token143",
        "User-Agent": "PostmanRuntime/7.50.0",
        "Accept": "*/*"
    },
    "body": "",
    "risk_score": 50,
    "alerts": [
        "Possible User ID Enumeration Detected"
    ]
}
------------------------------------------------------------
{
    "method": "GET",
    "path": "/users/103",
    "query_parameters": {
        "role": "admin",
        "status": "active"
    },
    "http_version": "HTTP/1.1",
    "headers": {
        "Host": "localhost:8000",
        "Authorization": "Bearer Token123",
        "User-Agent": "PostmanRuntime/7.45.0",
        "Accept": "*/*"
    },
    "body": "",
    "risk_score": 110,
    "alerts": [
        "Possible User ID Enumeration Detected",
        "Possible BOLA Attack: Same token accessing multiple object IDs"
    ]
}
------------------------------------------------------------
{
    "method": "GET",
    "path": "/users/104",
    "query_parameters": {
        "role": "admin",
        "status": "active"
    },
    "http_version": "HTTP/1.1",
    "headers": {
        "Host": "localhost:8000",
        "Authorization": "Bearer Token123",
        "User-Agent": "PostmanRuntime/7.45.0",
        "Accept": "*/*"
    },
    "body": "",
    "risk_score": 110,
    "alerts": [
        "Possible User ID Enumeration Detected",
        "Possible BOLA Attack: Same token accessing multiple object IDs"
    ]
}
------------------------------------------------------------
{
    "method": "POST",
    "path": "/login",
    "query_parameters": {},
    "http_version": "HTTP/1.1",
    "headers": {
        "Host": "localhost:8000",
        "Content-Type": "application/json",
        "    \"username\"": "\"rohith\",",
        "    \"password\"": "\"12345\""
    },
    "body": {
        "username": "rohith",
        "password": "12345"
    },
    "risk_score": 90,
    "alerts": [
        "Missing Authorization Header",
        "Possible User ID Enumeration Detected"
    ]
}
------------------------------------------------------------
{
    "method": "HELLO",
    "path": "/users/100",
    "query_parameters": {
        "role": "admin",
        "status": "active"
    },
    "http_version": "HTTP/1.1",
    "headers": {
        "Host": "localhost:8000",
        "Authorization": "Bearer Token123",
        "User-Agent": "PostmanRuntime/7.45.0",
        "Accept": "*/*"
    },
    "body": "",
    "risk_score": 20,
    "alerts": [
        "Invalid HTTP Method: HELLO"
    ]
}
------------------------------------------------------------
{
    "method": "GET",
    "path": "/users/103",
    "query_parameters": {
        "role": "admin",
        "status": "active"
    },
    "http_version": "HTTP/1.1",
    "headers": {
        "Host": "localhost:8000",
        "Authorization": "Bearer Token123",
        "User-Agent": "PostmanRuntime/7.45.0",
        "Accept": "*/*"
    },
    "body": "",
    "risk_score": 60,
    "alerts": [
        "Possible BOLA Attack: Same token accessing multiple object IDs"
    ]
}
------------------------------------------------------------
{
    "method": "GET",
    "path": "/users/104",
    "query_parameters": {
        "role": "admin",
        "status": "active"
    },
    "http_version": "HTTP/1.1",
    "headers": {
        "Host": "localhost:8000",
        "Authorization": "Bearer Token123",
        "User-Agent": "PostmanRuntime/7.45.0",
        "Accept": "*/*"
    },
    "body": "",
    "risk_score": 60,
    "alerts": [
        "Possible BOLA Attack: Same token accessing multiple object IDs"
    ]
}
------------------------------------------------------------
{
    "method": "POST",
    "path": "/login",
    "query_parameters": {},
    "http_version": "HTTP/1.1",
    "headers": {
        "Host": "localhost:8000",
        "Content-Type": "application/json",
        "    \"username\"": "\"rohith\",",
        "    \"password\"": "\"12345\""
    },
    "body": {
        "username": "rohith",
        "password": "12345"
    },
    "risk_score": 40,
    "alerts": [
        "Missing Authorization Header"
    ]
}
------------------------------------------------------------
{
    "method": "HELLO",
    "path": "/users/100",
    "query_parameters": {
        "role": "admin",
        "status": "active"
    },
    "http_version": "HTTP/1.1",
    "headers": {
        "Host": "localhost:8000",
        "Authorization": "Bearer Token123",
        "User-Agent": "PostmanRuntime/7.45.0",
        "Accept": "*/*"
    },
    "body": "",
    "risk_score": 20,
    "alerts": [
        "Invalid HTTP Method: HELLO"
    ]
}
------------------------------------------------------------
{
    "method": "GET",
    "path": "/users/108",
    "query_parameters": {
        "role": "admin",
        "status": "active"
    },
    "http_version": "HTTP/1.1",
    "headers": {
        "Host": "localhost:8000",
        "Authorization": "Bearer Token123",
        "User-Agent": "PostmanRuntime/7.45.0",
        "Accept": "*/*"
    },
    "body": "",
    "risk_score": 60,
    "alerts": [
        "Possible BOLA Attack: Same token accessing multiple object IDs"
    ]
}
------------------------------------------------------------
{
    "method": "GET",
    "path": "/users/104",
    "query_parameters": {
        "role": "admin",
        "status": "active"
    },
    "http_version": "HTTP/1.1",
    "headers": {
        "Host": "localhost:8000",
        "Authorization": "Bearer Token123",
        "User-Agent": "PostmanRuntime/7.45.0",
        "Accept": "*/*"
    },
    "body": "",
    "risk_score": 60,
    "alerts": [
        "Possible BOLA Attack: Same token accessing multiple object IDs"
    ]
}
------------------------------------------------------------
{
    "method": "POST",
    "path": "/login",
    "query_parameters": {},
    "http_version": "HTTP/1.1",
    "headers": {
        "Host": "localhost:8000",
        "Content-Type": "application/json",
        "    \"username\"": "\"rohith\",",
        "    \"password\"": "\"12345\""
    },
    "body": {
        "username": "rohith",
        "password": "12345"
    },
    "risk_score": 40,
    "alerts": [
        "Missing Authorization Header"
    ]
}
------------------------------------------------------------
