{
    "method": "GET",
    "path": "/users",
    "query_parameters": {},
    "http_version": "HTTP/1.1",
    "headers": {
        "Host": "127.0.0.1:8000",
        "User-Agent": "curl/8.18.0",
        "Accept": "*/*"
    },
    "body": "",
    "risk_score": 40,
    "alerts": [
        "Missing Authorization Header"
    ]
}
------------------------------------------------------------
{
    "method": "GET",
    "path": "/users/23",
    "query_parameters": {},
    "http_version": "HTTP/1.1",
    "headers": {
        "Host": "127.0.0.1:8000",
        "User-Agent": "curl/8.18.0",
        "Accept": "*/*"
    },
    "body": "",
    "risk_score": 40,
    "alerts": [
        "Missing Authorization Header"
    ]
}
------------------------------------------------------------
